// Jest Snapshot v1, https://goo.gl/fbAQLP

exports[`testing <App /> should render App 1`] = `
Object {
  "asFragment": [Function],
  "baseElement": <body>
    <div>
      <header
        class="sc-gsDKAQ bNwQTa"
      >
        <div
          class="sc-bdvvtL idGvU"
        >
          <div
            class="sc-dkPtRN jwkmEO"
          >
            <a
              href="/"
            >
              <span
                class="sc-hKwDye hQOECq"
              >
                Frontend 
                <span
                  class="sc-eCImPb dieplM"
                >
                  Job
                </span>
              </span>
            </a>
            <nav
              class="sc-jRQBWg ErfWM"
            >
              <a
                class="sc-gKclnd yRrXg"
                href="/jobs"
              >
                Поиск вакансий
              </a>
              <a
                class="sc-gKclnd yRrXg"
                href="/featured-jobs"
              >
                Избранные вакансии
              </a>
            </nav>
          </div>
        </div>
      </header>
      <div
        class="sc-gSQFLo ldXnKf"
      >
        <div>
          <h1
            class="sc-lbhJGD WpgHf"
          >
            Найди работу мечты
          </h1>
          <h2
            class="sc-iNGGcK gfoJkK"
          >
             вакансий доступны прямо сейчас
          </h2>
        </div>
      </div>
      <div
        class="sc-bdvvtL idGvU"
      >
        <section
          class="sc-jeraig dGkmgx"
        >
          <h3
            class="sc-eJwWfJ hQEHvZ"
          >
            Недавние вакансии:
          </h3>
          <div />
          <div
            class="sc-nVkyK jQkhhM"
          >
            <a
              href="/jobs"
            >
              <button
                class="sc-ieecCq gqxRky"
              >
                Посмотреть все
              </button>
            </a>
          </div>
        </section>
      </div>
    </div>
  </body>,
  "container": <div>
    <header
      class="sc-gsDKAQ bNwQTa"
    >
      <div
        class="sc-bdvvtL idGvU"
      >
        <div
          class="sc-dkPtRN jwkmEO"
        >
          <a
            href="/"
          >
            <span
              class="sc-hKwDye hQOECq"
            >
              Frontend 
              <span
                class="sc-eCImPb dieplM"
              >
                Job
              </span>
            </span>
          </a>
          <nav
            class="sc-jRQBWg ErfWM"
          >
            <a
              class="sc-gKclnd yRrXg"
              href="/jobs"
            >
              Поиск вакансий
            </a>
            <a
              class="sc-gKclnd yRrXg"
              href="/featured-jobs"
            >
              Избранные вакансии
            </a>
          </nav>
        </div>
      </div>
    </header>
    <div
      class="sc-gSQFLo ldXnKf"
    >
      <div>
        <h1
          class="sc-lbhJGD WpgHf"
        >
          Найди работу мечты
        </h1>
        <h2
          class="sc-iNGGcK gfoJkK"
        >
           вакансий доступны прямо сейчас
        </h2>
      </div>
    </div>
    <div
      class="sc-bdvvtL idGvU"
    >
      <section
        class="sc-jeraig dGkmgx"
      >
        <h3
          class="sc-eJwWfJ hQEHvZ"
        >
          Недавние вакансии:
        </h3>
        <div />
        <div
          class="sc-nVkyK jQkhhM"
        >
          <a
            href="/jobs"
          >
            <button
              class="sc-ieecCq gqxRky"
            >
              Посмотреть все
            </button>
          </a>
        </div>
      </section>
    </div>
  </div>,
  "debug": [Function],
  "findAllByAltText": [Function],
  "findAllByDisplayValue": [Function],
  "findAllByLabelText": [Function],
  "findAllByPlaceholderText": [Function],
  "findAllByRole": [Function],
  "findAllByTestId": [Function],
  "findAllByText": [Function],
  "findAllByTitle": [Function],
  "findByAltText": [Function],
  "findByDisplayValue": [Function],
  "findByLabelText": [Function],
  "findByPlaceholderText": [Function],
  "findByRole": [Function],
  "findByTestId": [Function],
  "findByText": [Function],
  "findByTitle": [Function],
  "getAllByAltText": [Function],
  "getAllByDisplayValue": [Function],
  "getAllByLabelText": [Function],
  "getAllByPlaceholderText": [Function],
  "getAllByRole": [Function],
  "getAllByTestId": [Function],
  "getAllByText": [Function],
  "getAllByTitle": [Function],
  "getByAltText": [Function],
  "getByDisplayValue": [Function],
  "getByLabelText": [Function],
  "getByPlaceholderText": [Function],
  "getByRole": [Function],
  "getByTestId": [Function],
  "getByText": [Function],
  "getByTitle": [Function],
  "queryAllByAltText": [Function],
  "queryAllByDisplayValue": [Function],
  "queryAllByLabelText": [Function],
  "queryAllByPlaceholderText": [Function],
  "queryAllByRole": [Function],
  "queryAllByTestId": [Function],
  "queryAllByText": [Function],
  "queryAllByTitle": [Function],
  "queryByAltText": [Function],
  "queryByDisplayValue": [Function],
  "queryByLabelText": [Function],
  "queryByPlaceholderText": [Function],
  "queryByRole": [Function],
  "queryByTestId": [Function],
  "queryByText": [Function],
  "queryByTitle": [Function],
  "rerender": [Function],
  "unmount": [Function],
}
`;
